Generating Handout...
Generating PPTX...
Processing PPTX Slide: slide1.html
DEBUG: Launching with options: {
  "env": {
    "ALLUSERSPROFILE": "C:\\ProgramData",
    "APPDATA": "C:\\Users\\dsuth\\AppData\\Roaming",
    "ChocolateyInstall": "C:\\ProgramData\\chocolatey",
    "ChocolateyLastPathUpdate": "134006797691673915",
    "CHROME_CRASHPAD_PIPE_NAME": "\\\\.\\pipe\\crashpad_13104_MGHYZPVSPQJXASBH",
    "CommonProgramFiles": "C:\\Program Files\\Common Files",
    "CommonProgramFiles(x86)": "C:\\Program Files (x86)\\Common Files",
    "CommonProgramW6432": "C:\\Program Files\\Common Files",
    "COMPUTERNAME": "COUCH",
    "ComSpec": "C:\\WINDOWS\\system32\\cmd.exe",
    "DriverData": "C:\\Windows\\System32\\Drivers\\DriverData",
    "EFC_6612_1262719628": "1",
    "EFC_6612_1592913036": "1",
    "EFC_6612_2283032206": "1",
    "EFC_6612_2775293581": "1",
    "EFC_6612_3789132940": "1",
    "GOPATH": "C:\\Users\\dsuth\\go",
    "HOMEDRIVE": "C:",
    "HOMEPATH": "\\Users\\dsuth",
    "IGCCSVC_DB": "AQAAANCMnd8BFdERjHoAwE/Cl+sBAAAAyNPVKR2PK066F+iJw3tOJQQAAAACAAAAAAAQZgAAAAEAACAAAACdOpoor+wdzGr5JvOZtitmwf+JQnJcoG8NZUxhOgqougAAAAAOgAAAAAIAACAAAAABG5XbBMCXtZXcjtBrpl3jCx700S15fBlyqsYuXCKiL2AAAABxThHJiWaOZqQU9Dvpq44QVVwdkVEW1OGBniVmI76m1A7XT7fWZcyb+Yj+GV3mXNEAzU7ElfyKpcMNKKSOzX7lxwkc0/5p9ieltfjyHLVYZP44c6CZX8fbc3Y7S6AFY6VAAAAA1ze+BLrT4EbqoQw4PIetFnsjuqIj4j22ao8w56xdO0/DZ8B4+xQWNQTBIMg7pZ5UBqhxbgfevTVYrG5fx8Qp9A==",
    "INTEL_DEV_REDIST": "C:\\Program Files (x86)\\Common Files\\Intel\\Shared Libraries\\",
    "LOCALAPPDATA": "C:\\Users\\dsuth\\AppData\\Local",
    "LOGONSERVER": "\\\\COUCH",
    "MIC_LD_LIBRARY_PATH": "C:\\Program Files (x86)\\Common Files\\Intel\\Shared Libraries\\compiler\\lib\\mic",
    "NUMBER_OF_PROCESSORS": "20",
    "OneDrive": "C:\\Users\\dsuth\\OneDrive - QED",
    "OneDriveCommercial": "C:\\Users\\dsuth\\OneDrive - QED",
    "OneDriveConsumer": "C:\\Users\\dsuth\\OneDrive",
    "OS": "Windows_NT",
    "Path": "C:\\Program Files\\PowerShell\\7;C:\\Python313\\Scripts\\;C:\\Python313\\;C:\\Ruby33-x64\\bin;C:\\Python312\\Scripts\\;C:\\Python312\\;C:\\Program Files (x86)\\Common Files\\Intel\\Shared Libraries\\redist\\intel64\\compiler;C:\\WINDOWS\\system32;C:\\WINDOWS;C:\\WINDOWS\\System32\\Wbem;C:\\WINDOWS\\System32\\WindowsPowerShell\\v1.0\\;C:\\WINDOWS\\System32\\OpenSSH\\;C:\\Program Files\\dotnet\\;C:\\ProgramData\\chocolatey\\bin;C:\\Program Files (x86)\\NVIDIA Corporation\\PhysX\\Common;C:\\Program Files\\Microsoft SQL Server\\120\\Tools\\Binn\\;C:\\Program Files\\NVIDIA Corporation\\NVIDIA app\\NvDLISR;C:\\Program Files\\Go\\bin;c:\\Users\\dsuth\\AppData\\Local\\Programs\\cursor\\resources\\app\\bin;C:\\Program Files (x86)\\GitHub CLI\\;C:\\Program Files\\Calibre2\\;C:\\Program Files\\PostgreSQL\\17\\bin;C:\\Program Files\\Docker\\Docker\\resources\\bin;C:\\Program Files\\PowerShell\\7\\;C:\\Program Files\\nodejs\\;C:\\Program Files\\Warp\\bin;C:\\Program Files\\Git\\cmd;C:\\Users\\dsuth\\.local\\bin;C:\\Users\\dsuth\\AppData\\Local\\Microsoft\\WindowsApps;C:\\Users\\dsuth\\AppData\\Local\\Programs\\Microsoft VS Code\\bin;C:\\Users\\dsuth\\Anaconda3\\;C:\\Users\\dsuth\\Anaconda3\\Scripts\\;C:\\Users\\dsuth\\Anaconda3\\Library\\bin\\;C:\\Users\\dsuth\\AppData\\Local\\Microsoft\\WinGet\\Links;C:\\Users\\dsuth\\AppData\\Local\\Programs\\Ollama;C:\\Users\\dsuth\\AppData\\Local\\Microsoft\\WinGet\\Packages\\GodotEngine.GodotEngine_Microsoft.Winget.Source_8wekyb3d8bbwe;C:\\Users\\dsuth\\go\\bin;C:\\Users\\dsuth\\AppData\\Roaming\\Python\\Python312\\Scripts;C:\\Users\\dsuth\\AppData\\Local\\Programs\\Microsoft VS Code Insiders\\bin;C:\\Users\\dsuth\\AppData\\Local\\Programs\\cursor\\resources\\app\\bin;C:\\Users\\dsuth\\.lmstudio\\bin;C:\\Users\\dsuth\\AppData\\Local\\GitHubDesktop\\bin;C:\\Users\\dsuth\\AppData\\Local\\PowerToys\\;C:\\Users\\dsuth\\AppData\\Local\\Programs\\Antigravity\\bin;C:\\Users\\dsuth\\AppData\\Roaming\\npm",
    "PATHEXT": ".COM;.EXE;.BAT;.CMD;.VBS;.VBE;.JS;.JSE;.WSF;.WSH;.MSC;.PY;.PYW;.RB;.RBW;.CPL",
    "POWERSHELL_DISTRIBUTION_CHANNEL": "MSI:Windows 10 Pro",
    "PROCESSOR_ARCHITECTURE": "AMD64",
    "PROCESSOR_IDENTIFIER": "Intel64 Family 6 Model 191 Stepping 2, GenuineIntel",
    "PROCESSOR_LEVEL": "6",
    "PROCESSOR_REVISION": "bf02",
    "ProgramData": "C:\\ProgramData",
    "ProgramFiles": "C:\\Program Files",
    "ProgramFiles(x86)": "C:\\Program Files (x86)",
    "ProgramW6432": "C:\\Program Files",
    "PSModulePath": "C:\\Users\\dsuth\\Documents\\PowerShell\\Modules;C:\\Program Files\\PowerShell\\Modules;c:\\program files\\powershell\\7\\Modules;C:\\Program Files\\WindowsPowerShell\\Modules;C:\\WINDOWS\\system32\\WindowsPowerShell\\v1.0\\Modules",
    "PUBLIC": "C:\\Users\\Public",
    "SESSIONNAME": "Console",
    "SystemDrive": "C:",
    "SystemRoot": "C:\\WINDOWS",
    "TEMP": "C:\\Users\\dsuth\\AppData\\Local\\Temp",
    "TMP": "C:\\Users\\dsuth\\AppData\\Local\\Temp",
    "USERDOMAIN": "COUCH",
    "USERDOMAIN_ROAMINGPROFILE": "COUCH",
    "USERNAME": "dsuth",
    "USERPROFILE": "C:\\Users\\dsuth",
    "VIPSHOME": "\\\\?\\c:\\Users\\dsuth\\Documents\\Joshua\\node_modules\\@img\\sharp-win32-x64",
    "VSCODE_PYTHON_AUTOACTIVATE_GUARD": "1",
    "windir": "C:\\WINDOWS",
    "ZES_ENABLE_SYSMAN": "1",
    "PAGER": "cat",
    "ANTIGRAVITY_AGENT": "1",
    "TERM_PROGRAM": "vscode",
    "TERM_PROGRAM_VERSION": "1.107.0",
    "LANG": "en_US.UTF-8",
    "COLORTERM": "truecolor",
    "ANTIGRAVITY_CLI_ALIAS": "agy",
    "PYTHONSTARTUP": "c:\\Users\\dsuth\\AppData\\Roaming\\Antigravity\\User\\workspaceStorage\\d777bb8ec46980a972856bdeee0a7692\\ms-python.python\\pythonrc.py",
    "PYTHON_BASIC_REPL": "1",
    "GIT_ASKPASS": "c:\\Users\\dsuth\\AppData\\Local\\Programs\\Antigravity\\resources\\app\\extensions\\git\\dist\\askpass.sh",
    "VSCODE_GIT_ASKPASS_NODE": "C:\\Users\\dsuth\\AppData\\Local\\Programs\\Antigravity\\Antigravity.exe",
    "VSCODE_GIT_ASKPASS_EXTRA_ARGS": "",
    "VSCODE_GIT_ASKPASS_MAIN": "c:\\Users\\dsuth\\AppData\\Local\\Programs\\Antigravity\\resources\\app\\extensions\\git\\dist\\askpass-main.js",
    "VSCODE_GIT_IPC_HANDLE": "\\\\.\\pipe\\vscode-git-843c170e65-sock",
    "VSCODE_INJECTION": "1",
    "TMPDIR": "/tmp"
  },
  "channel": "chrome"
}
Processing PPTX Slide: slide2.html
DEBUG: Launching with options: {
  "env": {
    "ALLUSERSPROFILE": "C:\\ProgramData",
    "APPDATA": "C:\\Users\\dsuth\\AppData\\Roaming",
    "ChocolateyInstall": "C:\\ProgramData\\chocolatey",
    "ChocolateyLastPathUpdate": "134006797691673915",
    "CHROME_CRASHPAD_PIPE_NAME": "\\\\.\\pipe\\crashpad_13104_MGHYZPVSPQJXASBH",
    "CommonProgramFiles": "C:\\Program Files\\Common Files",
    "CommonProgramFiles(x86)": "C:\\Program Files (x86)\\Common Files",
    "CommonProgramW6432": "C:\\Program Files\\Common Files",
    "COMPUTERNAME": "COUCH",
    "ComSpec": "C:\\WINDOWS\\system32\\cmd.exe",
    "DriverData": "C:\\Windows\\System32\\Drivers\\DriverData",
    "EFC_6612_1262719628": "1",
    "EFC_6612_1592913036": "1",
    "EFC_6612_2283032206": "1",
    "EFC_6612_2775293581": "1",
    "EFC_6612_3789132940": "1",
    "GOPATH": "C:\\Users\\dsuth\\go",
    "HOMEDRIVE": "C:",
    "HOMEPATH": "\\Users\\dsuth",
    "IGCCSVC_DB": "AQAAANCMnd8BFdERjHoAwE/Cl+sBAAAAyNPVKR2PK066F+iJw3tOJQQAAAACAAAAAAAQZgAAAAEAACAAAACdOpoor+wdzGr5JvOZtitmwf+JQnJcoG8NZUxhOgqougAAAAAOgAAAAAIAACAAAAABG5XbBMCXtZXcjtBrpl3jCx700S15fBlyqsYuXCKiL2AAAABxThHJiWaOZqQU9Dvpq44QVVwdkVEW1OGBniVmI76m1A7XT7fWZcyb+Yj+GV3mXNEAzU7ElfyKpcMNKKSOzX7lxwkc0/5p9ieltfjyHLVYZP44c6CZX8fbc3Y7S6AFY6VAAAAA1ze+BLrT4EbqoQw4PIetFnsjuqIj4j22ao8w56xdO0/DZ8B4+xQWNQTBIMg7pZ5UBqhxbgfevTVYrG5fx8Qp9A==",
    "INTEL_DEV_REDIST": "C:\\Program Files (x86)\\Common Files\\Intel\\Shared Libraries\\",
    "LOCALAPPDATA": "C:\\Users\\dsuth\\AppData\\Local",
    "LOGONSERVER": "\\\\COUCH",
    "MIC_LD_LIBRARY_PATH": "C:\\Program Files (x86)\\Common Files\\Intel\\Shared Libraries\\compiler\\lib\\mic",
    "NUMBER_OF_PROCESSORS": "20",
    "OneDrive": "C:\\Users\\dsuth\\OneDrive - QED",
    "OneDriveCommercial": "C:\\Users\\dsuth\\OneDrive - QED",
    "OneDriveConsumer": "C:\\Users\\dsuth\\OneDrive",
    "OS": "Windows_NT",
    "Path": "C:\\Program Files\\PowerShell\\7;C:\\Python313\\Scripts\\;C:\\Python313\\;C:\\Ruby33-x64\\bin;C:\\Python312\\Scripts\\;C:\\Python312\\;C:\\Program Files (x86)\\Common Files\\Intel\\Shared Libraries\\redist\\intel64\\compiler;C:\\WINDOWS\\system32;C:\\WINDOWS;C:\\WINDOWS\\System32\\Wbem;C:\\WINDOWS\\System32\\WindowsPowerShell\\v1.0\\;C:\\WINDOWS\\System32\\OpenSSH\\;C:\\Program Files\\dotnet\\;C:\\ProgramData\\chocolatey\\bin;C:\\Program Files (x86)\\NVIDIA Corporation\\PhysX\\Common;C:\\Program Files\\Microsoft SQL Server\\120\\Tools\\Binn\\;C:\\Program Files\\NVIDIA Corporation\\NVIDIA app\\NvDLISR;C:\\Program Files\\Go\\bin;c:\\Users\\dsuth\\AppData\\Local\\Programs\\cursor\\resources\\app\\bin;C:\\Program Files (x86)\\GitHub CLI\\;C:\\Program Files\\Calibre2\\;C:\\Program Files\\PostgreSQL\\17\\bin;C:\\Program Files\\Docker\\Docker\\resources\\bin;C:\\Program Files\\PowerShell\\7\\;C:\\Program Files\\nodejs\\;C:\\Program Files\\Warp\\bin;C:\\Program Files\\Git\\cmd;C:\\Users\\dsuth\\.local\\bin;C:\\Users\\dsuth\\AppData\\Local\\Microsoft\\WindowsApps;C:\\Users\\dsuth\\AppData\\Local\\Programs\\Microsoft VS Code\\bin;C:\\Users\\dsuth\\Anaconda3\\;C:\\Users\\dsuth\\Anaconda3\\Scripts\\;C:\\Users\\dsuth\\Anaconda3\\Library\\bin\\;C:\\Users\\dsuth\\AppData\\Local\\Microsoft\\WinGet\\Links;C:\\Users\\dsuth\\AppData\\Local\\Programs\\Ollama;C:\\Users\\dsuth\\AppData\\Local\\Microsoft\\WinGet\\Packages\\GodotEngine.GodotEngine_Microsoft.Winget.Source_8wekyb3d8bbwe;C:\\Users\\dsuth\\go\\bin;C:\\Users\\dsuth\\AppData\\Roaming\\Python\\Python312\\Scripts;C:\\Users\\dsuth\\AppData\\Local\\Programs\\Microsoft VS Code Insiders\\bin;C:\\Users\\dsuth\\AppData\\Local\\Programs\\cursor\\resources\\app\\bin;C:\\Users\\dsuth\\.lmstudio\\bin;C:\\Users\\dsuth\\AppData\\Local\\GitHubDesktop\\bin;C:\\Users\\dsuth\\AppData\\Local\\PowerToys\\;C:\\Users\\dsuth\\AppData\\Local\\Programs\\Antigravity\\bin;C:\\Users\\dsuth\\AppData\\Roaming\\npm",
    "PATHEXT": ".COM;.EXE;.BAT;.CMD;.VBS;.VBE;.JS;.JSE;.WSF;.WSH;.MSC;.PY;.PYW;.RB;.RBW;.CPL",
    "POWERSHELL_DISTRIBUTION_CHANNEL": "MSI:Windows 10 Pro",
    "PROCESSOR_ARCHITECTURE": "AMD64",
    "PROCESSOR_IDENTIFIER": "Intel64 Family 6 Model 191 Stepping 2, GenuineIntel",
    "PROCESSOR_LEVEL": "6",
    "PROCESSOR_REVISION": "bf02",
    "ProgramData": "C:\\ProgramData",
    "ProgramFiles": "C:\\Program Files",
    "ProgramFiles(x86)": "C:\\Program Files (x86)",
    "ProgramW6432": "C:\\Program Files",
    "PSModulePath": "C:\\Users\\dsuth\\Documents\\PowerShell\\Modules;C:\\Program Files\\PowerShell\\Modules;c:\\program files\\powershell\\7\\Modules;C:\\Program Files\\WindowsPowerShell\\Modules;C:\\WINDOWS\\system32\\WindowsPowerShell\\v1.0\\Modules",
    "PUBLIC": "C:\\Users\\Public",
    "SESSIONNAME": "Console",
    "SystemDrive": "C:",
    "SystemRoot": "C:\\WINDOWS",
    "TEMP": "C:\\Users\\dsuth\\AppData\\Local\\Temp",
    "TMP": "C:\\Users\\dsuth\\AppData\\Local\\Temp",
    "USERDOMAIN": "COUCH",
    "USERDOMAIN_ROAMINGPROFILE": "COUCH",
    "USERNAME": "dsuth",
    "USERPROFILE": "C:\\Users\\dsuth",
    "VIPSHOME": "\\\\?\\c:\\Users\\dsuth\\Documents\\Joshua\\node_modules\\@img\\sharp-win32-x64",
    "VSCODE_PYTHON_AUTOACTIVATE_GUARD": "1",
    "windir": "C:\\WINDOWS",
    "ZES_ENABLE_SYSMAN": "1",
    "PAGER": "cat",
    "ANTIGRAVITY_AGENT": "1",
    "TERM_PROGRAM": "vscode",
    "TERM_PROGRAM_VERSION": "1.107.0",
    "LANG": "en_US.UTF-8",
    "COLORTERM": "truecolor",
    "ANTIGRAVITY_CLI_ALIAS": "agy",
    "PYTHONSTARTUP": "c:\\Users\\dsuth\\AppData\\Roaming\\Antigravity\\User\\workspaceStorage\\d777bb8ec46980a972856bdeee0a7692\\ms-python.python\\pythonrc.py",
    "PYTHON_BASIC_REPL": "1",
    "GIT_ASKPASS": "c:\\Users\\dsuth\\AppData\\Local\\Programs\\Antigravity\\resources\\app\\extensions\\git\\dist\\askpass.sh",
    "VSCODE_GIT_ASKPASS_NODE": "C:\\Users\\dsuth\\AppData\\Local\\Programs\\Antigravity\\Antigravity.exe",
    "VSCODE_GIT_ASKPASS_EXTRA_ARGS": "",
    "VSCODE_GIT_ASKPASS_MAIN": "c:\\Users\\dsuth\\AppData\\Local\\Programs\\Antigravity\\resources\\app\\extensions\\git\\dist\\askpass-main.js",
    "VSCODE_GIT_IPC_HANDLE": "\\\\.\\pipe\\vscode-git-843c170e65-sock",
    "VSCODE_INJECTION": "1",
    "TMPDIR": "/tmp"
  },
  "channel": "chrome"
}
Error: c:\Users\dsuth\Documents\Joshua\Units\English\English Unit 1\Lesson Compound and Complex\slides\slide2.html: Multiple validation errors found:
  1. HTML content overflows body by 10.5pt vertically (Remember: leave 0.5" margin at bottom of slide)
  2. Text box "I can use FANBOYS for compound sentences." ends too close to bottom edge (0.43" from bottom, minimum 0.5" required)
    at html2pptx (c:\Users\dsuth\Documents\Joshua\.agent\skills\pptx\scripts\html2pptx.js:979:13)
    at async generatePresentation (C:\Users\dsuth\Documents\Joshua\Units\English\English Unit 1\Lesson Compound and Complex\generate_resources.js:122:5)
    at async run (C:\Users\dsuth\Documents\Joshua\Units\English\English Unit 1\Lesson Compound and Complex\generate_resources.js:179:3)
